led_7seg_display.c:71:6:update_seven_segment_led_buffer	16	static
led_7seg_display.c:78:6:seven_segment_data_output	24	static
led_7seg_display.c:89:6:clear_previous_seven_segment_led	16	static
led_7seg_display.c:94:6:set_current_seven_segment_led	16	static
led_7seg_display.c:99:6:seven_segment_led_driver	16	static
led_7seg_display.c:182:6:update_mode_led	24	static
led_7seg_display.c:282:6:Reset_Set_Funtion	8	static
led_7seg_display.c:290:6:update_mode_seven_segment_led_buffer	16	static
led_7seg_display.c:297:6:mode_seven_segment_data_output	24	static
led_7seg_display.c:308:6:clear_previous_mode_seven_segment_led	16	static
led_7seg_display.c:313:6:set_current_mode_seven_segment_led	16	static
led_7seg_display.c:318:6:mode_seven_segment_led_driver	16	static
