18:31:54 **** Incremental Build of configuration Debug for project LAB3 ****
make -j4 all 
arm-none-eabi-gcc "../Core/Src/leds_display/Traffic_Light.c" -mcpu=cortex-m3 -std=gnu11 -g3 -DDEBUG -DUSE_HAL_DRIVER -DSTM32F103x6 -c -I../Core/Inc -I../Drivers/STM32F1xx_HAL_Driver/Inc -I../Drivers/STM32F1xx_HAL_Driver/Inc/Legacy -I../Drivers/CMSIS/Device/ST/STM32F1xx/Include -I../Drivers/CMSIS/Include -O0 -ffunction-sections -fdata-sections -Wall -fstack-usage -MMD -MP -MF"Core/Src/leds_display/Traffic_Light.d" -MT"Core/Src/leds_display/Traffic_Light.o" --specs=nano.specs -mfloat-abi=soft -mthumb -o "Core/Src/leds_display/Traffic_Light.o"
arm-none-eabi-gcc "../Core/Src/leds_display/led_7seg_display.c" -mcpu=cortex-m3 -std=gnu11 -g3 -DDEBUG -DUSE_HAL_DRIVER -DSTM32F103x6 -c -I../Core/Inc -I../Drivers/STM32F1xx_HAL_Driver/Inc -I../Drivers/STM32F1xx_HAL_Driver/Inc/Legacy -I../Drivers/CMSIS/Device/ST/STM32F1xx/Include -I../Drivers/CMSIS/Include -O0 -ffunction-sections -fdata-sections -Wall -fstack-usage -MMD -MP -MF"Core/Src/leds_display/led_7seg_display.d" -MT"Core/Src/leds_display/led_7seg_display.o" --specs=nano.specs -mfloat-abi=soft -mthumb -o "Core/Src/leds_display/led_7seg_display.o"
arm-none-eabi-gcc -o "LAB3.elf" @"objects.list"   -mcpu=cortex-m3 -T"C:\Users\Dell\STM32CubeIDE\LAB3\LAB3\STM32F103C6UX_FLASH.ld" --specs=nosys.specs -Wl,-Map="LAB3.map" -Wl,--gc-sections -static --specs=nano.specs -mfloat-abi=soft -mthumb -Wl,--start-group -lc -lm -Wl,--end-group
Finished building target: LAB3.elf
 
arm-none-eabi-size   LAB3.elf 
arm-none-eabi-objdump -h -S  LAB3.elf  > "LAB3.list"
arm-none-eabi-objcopy  -O ihex  LAB3.elf  "LAB3.hex"
arm-none-eabi-objcopy  -O binary  LAB3.elf  "LAB3.bin"
   text	   data	    bss	    dec	    hex	filename
  10476	    180	   1700	  12356	   3044	LAB3.elf
Finished building: default.size.stdout
 
Finished building: LAB3.list
Finished building: LAB3.hex
Finished building: LAB3.bin
 
 
 

18:31:56 Build Finished. 0 errors, 0 warnings. (took 1s.748ms)

